Microchip MPLAB XC8 Compiler V1.35 ()

Linker command line:

--edf=C:\Program Files (x86)\Microchip\xc8\v1.35\dat\en_msgs.txt -cs \
  -h+dist/default/debug\gloves.debug.sym \
  --cmf=dist/default/debug\gloves.debug.cmf -z -Q18F4550 \
  -oC:\Users\ccsn\AppData\Local\Temp\s3po.2 \
  -Mdist/default/debug/gloves.debug.map -E1 -ver=XC8 -ASTACK=074h-07ffh \
  -pstack=STACK -ACODE=00h-07FFFh -ACONST=00h-07FFFh \
  -ASMALLCONST=0800h-08FFhx120 -AMEDIUMCONST=0800h-07FFFh -ACOMRAM=01h-05Fh \
  -AABS1=00h-07FFh -ABIGRAM=01h-07FFh -ARAM=060h-0FFh,0100h-01FFhx7 \
  -ABANK0=060h-0FFh -ABANK1=0100h-01FFh -ABANK2=0200h-02FFh \
  -ABANK3=0300h-03FFh -ABANK4=0400h-04FFh -ABANK5=0500h-05FFh \
  -ABANK6=0600h-06FFh -ABANK7=0700h-07FFh -ASFR=0F60h-0FFFh \
  -preset_vec=00h,intcode=08h,intcodelo,powerup,init,end_init \
  -pramtop=0800h -psmallconst=SMALLCONST -pmediumconst=MEDIUMCONST \
  -pconst=CONST -AFARRAM=00h-00h -ACONFIG=0300000h-030000Dh -pconfig=CONFIG \
  -AIDLOC=0200000h-0200007h -pidloc=IDLOC -AEEDATA=0F00000h-0F000FFh \
  -peeprom_data=EEDATA \
  -prdata=COMRAM,nvrram=COMRAM,nvbit=COMRAM,rbss=COMRAM,rbit=COMRAM \
  -pfarbss=FARRAM,fardata=FARRAM,nvFARRAM=FARRAM \
  -pintsave_regs=BIGRAM,bigbss=BIGRAM,bigdata=BIGRAM -pbss=RAM \
  -pidata=CODE,irdata=CODE,ibigdata=CODE,ifardata=CODE -prparam=COMRAM \
  C:\Users\ccsn\AppData\Local\Temp\s3po.obj \
  dist/default/debug\gloves.debug.obj 

Object code version is 3.11

Machine type is 18F4550

Call graph: (short form)




                Name                               Link     Load   Length Selector   Space Scale
C:\Users\ccsn\AppData\Local\Temp\s3po.obj
                end_init                             16       16        4        4       0
                reset_vec                             0        0        4        0       0
                idloc                            200000   200000        8   200000       0
                config                           300000   300000        E   300000       0
dist/default/debug\gloves.debug.obj
                intcode                               8        8        E        4       0
                temp                                 52       52        1        1       1
                smallconst                          800      800        6      400       0
                text23                             1426     1426       5C      403       0
                intcode_body                       11B0     11B0       AE      403       0
                text21                             167E     167E        E      403       0
                text20                             163E     163E       14      403       0
                text19                             158C     158C       42      403       0
                text18                             134C     134C       72      403       0
                text17                             1670     1670        E      403       0
                text16                             1536     1536       56      403       0
                text15                             1662     1662        E      403       0
                text14                              A7E      A7E      25A      403       0
                text13                             15CE     15CE       36      403       0
                text12                              806      806      278      403       0
                text11                             125E     125E       7C      403       0
                text10                             12DA     12DA       72      403       0
                text9                              10F0     10F0       C0      403       0
                text8                              1030     1030       C0      403       0
                text7                              1652     1652       10      403       0
                text6                              14DC     14DC       5A      403       0
                text5                              1482     1482       5A      403       0
                text4                               E84      E84      1AC      403       0
                text3                               CD8      CD8      1AC      403       0
                text2                              168C     168C        6      403       0
                text1                              162A     162A       14      403       0
                text0                              13BE     13BE       68      403       0
                cstackCOMRAM                         40       40       12        1       1
                cstackBANK0                          60       60        C       60       1
                bssBANK0                             6C       6C        8       60       1
                bssCOMRAM                             1        1       3F        1       1
                cinit                              1604     1604       26      403       0

TOTAL           Name                               Link     Load   Length     Space
        CLASS   STACK          

        CLASS   CODE           
                end_init                             16       16        4         0
                intcode                               8        8        E         0
                reset_vec                             0        0        4         0
                text23                             1426     1426       5C         0
                intcode_body                       11B0     11B0       AE         0
                text21                             167E     167E        E         0
                text20                             163E     163E       14         0
                text19                             158C     158C       42         0
                text18                             134C     134C       72         0
                text17                             1670     1670        E         0
                text16                             1536     1536       56         0
                text15                             1662     1662        E         0
                text14                              A7E      A7E      25A         0
                text13                             15CE     15CE       36         0
                text12                              806      806      278         0
                text11                             125E     125E       7C         0
                text10                             12DA     12DA       72         0
                text9                              10F0     10F0       C0         0
                text8                              1030     1030       C0         0
                text7                              1652     1652       10         0
                text6                              14DC     14DC       5A         0
                text5                              1482     1482       5A         0
                text4                               E84      E84      1AC         0
                text3                               CD8      CD8      1AC         0
                text2                              168C     168C        6         0
                text1                              162A     162A       14         0
                text0                              13BE     13BE       68         0
                cinit                              1604     1604       26         0

        CLASS   CONST          

        CLASS   SMALLCONST     
                smallconst                          800      800        6         0

        CLASS   MEDIUMCONST    

        CLASS   COMRAM         
                temp                                 52       52        1         1
                cstackCOMRAM                         40       40       12         1
                bssCOMRAM                             1        1       3F         1

        CLASS   ABS1           

        CLASS   BIGRAM         

        CLASS   RAM            

        CLASS   BANK0          
                cstackBANK0                          60       60        C         1
                bssBANK0                             6C       6C        8         1

        CLASS   BANK1          

        CLASS   BANK2          

        CLASS   BANK3          

        CLASS   BANK4          

        CLASS   BANK5          

        CLASS   BANK6          

        CLASS   BANK7          

        CLASS   SFR            

        CLASS   FARRAM         

        CLASS   CONFIG         
                config                           300000   300000        E         0

        CLASS   IDLOC          
                idloc                            200000   200000        8         0

        CLASS   EEDATA         



SEGMENTS        Name                           Load    Length   Top    Selector   Space  Class

                reset_vec                      000000  000004  000004         0       0  CODE    
                bssCOMRAM                      000001  000052  000053         1       1  COMRAM  
                intcode                        000008  000012  00001A         4       0  CODE    
                cstackBANK0                    000060  000014  000074        60       1  BANK0   
                smallconst                     000800  000006  000806       400       0  SMALLCON
                text12                         000806  000E8C  001692       403       0  CODE    
                idloc                          200000  000008  200008    200000       0  IDLOC   
                config                         300000  00000E  30000E    300000       0  CONFIG  


UNUSED ADDRESS RANGES

        Name                Unused          Largest block    Delta
        BANK0            000074-0000FF               8C
        BANK1            000100-0001FF              100
        BANK2            000200-0002FF              100
        BANK3            000300-0003FF              100
        BANK4            000400-0004FF              100
        BANK5            000500-0005FF              100
        BANK6            000600-0006FF              100
        BANK7            000700-0007FF              100
        BIGRAM           000053-00005F                D
                         000074-0007FF              78C
        CODE             000004-000007                4
                         00001A-0007FF              7E6
                         001692-007FFF             696E
        COMRAM           000053-00005F                D
        CONST            000004-000007                4
                         00001A-0007FF              7E6
                         001692-007FFF             696E
        EEDATA           F00000-F000FF              100
        MEDIUMCONST      001692-007FFF             696E
        RAM              000074-0007FF              100
        SFR              000F60-000FFF               A0
        SMALLCONST       001692-007FFF              100
        STACK            000074-0007FF              78C

                                  Symbol Table

?___wmul                 cstackBANK0  000060
?_adcread                cstackBANK0  000060
_ADCON0                  (abs)        000FC2
_ADCON1                  (abs)        000FC1
_ADCON2                  (abs)        000FC0
_ADRESH                  (abs)        000FC4
_ADRESL                  (abs)        000FC3
_BAUDCON                 (abs)        000FB8
_INTCON                  (abs)        000FF2
_ISR                     intcode      000008
_LATC                    (abs)        000F8B
_LATD                    (abs)        000F8C
_PORTA                   (abs)        000F80
_PORTB                   (abs)        000F81
_RBIF                    (abs)        007F90
_RCIF                    (abs)        007CF5
_RCREG                   (abs)        000FAE
_RCSTA                   (abs)        000FAB
_SPBRG                   (abs)        000FAF
_T0CON                   (abs)        000FD5
_T0IF                    (abs)        007F92
_TMR0H                   (abs)        000FD7
_TMR0L                   (abs)        000FD6
_TRISA                   (abs)        000F92
_TRISB                   (abs)        000F93
_TRISC                   (abs)        000F94
_TRISCbits               (abs)        000F94
_TRISD                   (abs)        000F95
_TXIF                    (abs)        007CF4
_TXREG                   (abs)        000FAD
_TXSTA                   (abs)        000FAC
__CFG_BOR$ON             (abs)        000000
__CFG_BORV$3             (abs)        000000
__CFG_CCP2MX$OFF         (abs)        000000
__CFG_CP0$OFF            (abs)        000000
__CFG_CP1$OFF            (abs)        000000
__CFG_CP2$OFF            (abs)        000000
__CFG_CP3$OFF            (abs)        000000
__CFG_CPB$OFF            (abs)        000000
__CFG_CPD$OFF            (abs)        000000
__CFG_CPUDIV$OSC1_PLL2   (abs)        000000
__CFG_EBTR0$OFF          (abs)        000000
__CFG_EBTR1$OFF          (abs)        000000
__CFG_EBTR2$OFF          (abs)        000000
__CFG_EBTR3$OFF          (abs)        000000
__CFG_EBTRB$OFF          (abs)        000000
__CFG_FCMEN$OFF          (abs)        000000
__CFG_FOSC$HS            (abs)        000000
__CFG_ICPRT$OFF          (abs)        000000
__CFG_IESO$OFF           (abs)        000000
__CFG_LPT1OSC$OFF        (abs)        000000
__CFG_LVP$OFF            (abs)        000000
__CFG_MCLRE$OFF          (abs)        000000
__CFG_PBADEN$OFF         (abs)        000000
__CFG_PLLDIV$1           (abs)        000000
__CFG_PWRT$OFF           (abs)        000000
__CFG_STVREN$OFF         (abs)        000000
__CFG_USBDIV$1           (abs)        000000
__CFG_VREGEN$OFF         (abs)        000000
__CFG_WDT$OFF            (abs)        000000
__CFG_WDTPS$32768        (abs)        000000
__CFG_WRT0$OFF           (abs)        000000
__CFG_WRT1$OFF           (abs)        000000
__CFG_WRT2$OFF           (abs)        000000
__CFG_WRT3$OFF           (abs)        000000
__CFG_WRTB$OFF           (abs)        000000
__CFG_WRTC$OFF           (abs)        000000
__CFG_WRTD$OFF           (abs)        000000
__CFG_XINST$OFF          (abs)        000000
__HRAM                   (abs)        000000
__Habs1                  abs1         000000
__Hbank0                 bank0        000000
__Hbank1                 bank1        000000
__Hbank2                 bank2        000000
__Hbank3                 bank3        000000
__Hbank4                 bank4        000000
__Hbank5                 bank5        000000
__Hbank6                 bank6        000000
__Hbank7                 bank7        000000
__Hbigbss                bigbss       000000
__Hbigdata               bigdata      000000
__Hbigram                bigram       000000
__Hbss                   bss          000000
__HbssBANK0              bssBANK0     000000
__HbssCOMRAM             bssCOMRAM    000000
__Hcinit                 cinit        000000
__Hclrtext               clrtext      000000
__Hcomram                comram       000000
__Hconfig                config       30000E
__Hconst                 const        000000
__HcstackBANK0           cstackBANK0  000000
__HcstackCOMRAM          cstackCOMRAM 000000
__Hdata                  data         000000
__Heeprom_data           eeprom_data  000000
__Hend_init              end_init     00001A
__Hfarbss                farbss       000000
__Hfardata               fardata      000000
__Hibigdata              ibigdata     000000
__Hidata                 idata        000000
__Hidloc                 idloc        200008
__Hifardata              ifardata     000000
__Hinit                  init         000016
__Hintcode               intcode      000016
__Hintcode_body          intcode_body 000000
__Hintcodelo             intcodelo    000016
__Hintentry              intentry     000000
__Hintret                intret       000000
__Hintsave_regs          intsave_regs 000000
__Hirdata                irdata       000000
__Hmediumconst           mediumconst  000000
__HnvFARRAM              nvFARRAM     000000
__Hnvbit                 nvbit        000000
__Hnvrram                nvrram       000000
__Hparam                 rparam       000000
__Hpowerup               powerup      000016
__Hram                   ram          000000
__Hramtop                ramtop       000800
__Hrbit                  rbit         000000
__Hrbss                  rbss         000000
__Hrdata                 rdata        000000
__Hreset_vec             reset_vec    000004
__Hrparam                rparam       000000
__Hsfr                   sfr          000000
__Hsmallconst            smallconst   000806
__Hspace_0               (abs)        30000E
__Hspace_1               (abs)        000074
__Hspace_2               (abs)        000000
__Hstack                 stack        000000
__Hstruct                struct       000000
__Htemp                  temp         000053
__Htext                  text         000000
__Htext0                 text0        000000
__Htext1                 text1        000000
__Htext10                text10       000000
__Htext11                text11       000000
__Htext12                text12       000000
__Htext13                text13       000000
__Htext14                text14       000000
__Htext15                text15       000000
__Htext16                text16       000000
__Htext17                text17       000000
__Htext18                text18       000000
__Htext19                text19       000000
__Htext2                 text2        000000
__Htext20                text20       000000
__Htext21                text21       000000
__Htext23                text23       000000
__Htext3                 text3        000000
__Htext4                 text4        000000
__Htext5                 text5        000000
__Htext6                 text6        000000
__Htext7                 text7        000000
__Htext8                 text8        000000
__Htext9                 text9        000000
__LRAM                   (abs)        000001
__Labs1                  abs1         000000
__Lbank0                 bank0        000000
__Lbank1                 bank1        000000
__Lbank2                 bank2        000000
__Lbank3                 bank3        000000
__Lbank4                 bank4        000000
__Lbank5                 bank5        000000
__Lbank6                 bank6        000000
__Lbank7                 bank7        000000
__Lbigbss                bigbss       000000
__Lbigdata               bigdata      000000
__Lbigram                bigram       000000
__Lbss                   bss          000000
__LbssBANK0              bssBANK0     000000
__LbssCOMRAM             bssCOMRAM    000000
__Lcinit                 cinit        000000
__Lclrtext               clrtext      000000
__Lcomram                comram       000000
__Lconfig                config       300000
__Lconst                 const        000000
__LcstackBANK0           cstackBANK0  000000
__LcstackCOMRAM          cstackCOMRAM 000000
__Ldata                  data         000000
__Leeprom_data           eeprom_data  000000
__Lend_init              end_init     000016
__Lfarbss                farbss       000000
__Lfardata               fardata      000000
__Libigdata              ibigdata     000000
__Lidata                 idata        000000
__Lidloc                 idloc        200000
__Lifardata              ifardata     000000
__Linit                  init         000016
__Lintcode               intcode      000008
__Lintcode_body          intcode_body 000000
__Lintcodelo             intcodelo    000016
__Lintentry              intentry     000000
__Lintret                intret       000000
__Lintsave_regs          intsave_regs 000000
__Lirdata                irdata       000000
__Lmediumconst           mediumconst  000000
__LnvFARRAM              nvFARRAM     000000
__Lnvbit                 nvbit        000000
__Lnvrram                nvrram       000000
__Lparam                 rparam       000000
__Lpowerup               powerup      000016
__Lram                   ram          000000
__Lramtop                ramtop       000800
__Lrbit                  rbit         000000
__Lrbss                  rbss         000000
__Lrdata                 rdata        000000
__Lreset_vec             reset_vec    000000
__Lrparam                rparam       000000
__Lsfr                   sfr          000000
__Lsmallconst            smallconst   000800
__Lspace_0               (abs)        000000
__Lspace_1               (abs)        000000
__Lspace_2               (abs)        000000
__Lstack                 stack        000000
__Lstruct                struct       000000
__Ltemp                  temp         000052
__Ltext                  text         000000
__Ltext0                 text0        000000
__Ltext1                 text1        000000
__Ltext10                text10       000000
__Ltext11                text11       000000
__Ltext12                text12       000000
__Ltext13                text13       000000
__Ltext14                text14       000000
__Ltext15                text15       000000
__Ltext16                text16       000000
__Ltext17                text17       000000
__Ltext18                text18       000000
__Ltext19                text19       000000
__Ltext2                 text2        000000
__Ltext20                text20       000000
__Ltext21                text21       000000
__Ltext23                text23       000000
__Ltext3                 text3        000000
__Ltext4                 text4        000000
__Ltext5                 text5        000000
__Ltext6                 text6        000000
__Ltext7                 text7        000000
__Ltext8                 text8        000000
__Ltext9                 text9        000000
__S0                     (abs)        30000E
__S1                     (abs)        000074
__S2                     (abs)        000000
___inthi_sp              stack        000000
___intlo_sp              stack        000000
___param_bank            (abs)        000010
___rparam_used           (abs)        000001
___sp                    stack        000000
___wmul                  text13       0015CE
___wmul@multiplicand     cstackBANK0  000062
___wmul@multiplier       cstackBANK0  000060
___wmul@product          cstackBANK0  000064
__accesstop              (abs)        000060
__activetblptr           (abs)        000002
__end_of_ISR             intcode_body 00125E
__end_of___wmul          text13       001604
__end_of__initialization cinit        00161C
__end_of_adcinit         text21       00168C
__end_of_adcread         text6        001536
__end_of_communication   text14       000CD8
__end_of_comparison      text12       000A7E
__end_of_delaysec        text19       0015CE
__end_of_ejectbad        text9        0011B0
__end_of_ejectgood       text8        0010F0
__end_of_ioinit          text7        001662
__end_of_ledout          text18       0013BE
__end_of_main            text0        001426
__end_of_offsetread      text5        0014DC
__end_of_pneumaticout    text11       0012DA
__end_of_solinoidout     text10       00134C
__end_of_test1           text4        001030
__end_of_test2           text3        000E84
__end_of_timerinit       text2        001692
__end_of_timeronesec     text20       001652
__end_of_uartinit        text1        00163E
__end_of_uartrx          text17       00167E
__end_of_uarttx          text16       00158C
__end_of_uarttxch        text15       001670
__end_ofi2_pneumaticout  text23       001482
__initialization         cinit        001604
__mediumconst            mediumconst  000000
__pbssBANK0              bssBANK0     00006C
__pbssCOMRAM             bssCOMRAM    000001
__pcinit                 cinit        001604
__pcstackBANK0           cstackBANK0  000060
__pcstackCOMRAM          cstackCOMRAM 000040
__pintcode               intcode      000008
__pintcode_body          intcode_body 0011B0
__psmallconst            smallconst   000800
__ptext0                 text0        0013BE
__ptext1                 text1        00162A
__ptext10                text10       0012DA
__ptext11                text11       00125E
__ptext12                text12       000806
__ptext13                text13       0015CE
__ptext14                text14       000A7E
__ptext15                text15       001662
__ptext16                text16       001536
__ptext17                text17       001670
__ptext18                text18       00134C
__ptext19                text19       00158C
__ptext2                 text2        00168C
__ptext20                text20       00163E
__ptext21                text21       00167E
__ptext23                text23       001426
__ptext3                 text3        000CD8
__ptext4                 text4        000E84
__ptext5                 text5        001482
__ptext6                 text6        0014DC
__ptext7                 text7        001652
__ptext8                 text8        001030
__ptext9                 text9        0010F0
__ramtop                 ramtop       000800
__size_of_ISR            (abs)        000000
__size_of___wmul         (abs)        000000
__size_of_adcinit        (abs)        000000
__size_of_adcread        (abs)        000000
__size_of_communication  (abs)        000000
__size_of_comparison     (abs)        000000
__size_of_delaysec       (abs)        000000
__size_of_ejectbad       (abs)        000000
__size_of_ejectgood      (abs)        000000
__size_of_ioinit         (abs)        000000
__size_of_ledout         (abs)        000000
__size_of_main           (abs)        000000
__size_of_offsetread     (abs)        000000
__size_of_pneumaticout   (abs)        000000
__size_of_solinoidout    (abs)        000000
__size_of_test1          (abs)        000000
__size_of_test2          (abs)        000000
__size_of_timerinit      (abs)        000000
__size_of_timeronesec    (abs)        000000
__size_of_uartinit       (abs)        000000
__size_of_uartrx         (abs)        000000
__size_of_uarttx         (abs)        000000
__size_of_uarttxch       (abs)        000000
__size_ofi2_pneumaticout (abs)        000000
__smallconst             smallconst   000800
_adcinit                 text21       00167E
_adcread                 text6        0014DC
_ch                      bssCOMRAM    00003C
_communication           text14       000A7E
_comparison              text12       000806
_delaysec                text19       00158C
_ejectbad                text9        0010F0
_ejectgood               text8        001030
_glove                   bssCOMRAM    000037
_good                    bssBANK0     00006C
_ioinit                  text7        001652
_ledout                  text18       00134C
_main                    text0        0013BE
_offsetread              text5        001482
_pneumaticout            text11       00125E
_pres                    bssCOMRAM    00003E
_sensor                  bssCOMRAM    000001
_solinoidout             text10       0012DA
_test1                   text4        000E84
_test2                   text3        000CD8
_timerinit               text2        00168C
_timeronesec             text20       00163E
_uartinit                text1        00162A
_uartrx                  text17       001670
_uarttx                  text16       001536
_uarttxch                text15       001662
_value                   bssCOMRAM    00002D
adcread@channel          cstackBANK0  000060
adcread@x                cstackBANK0  000066
btemp                    temp         000052
communication@rx         cstackBANK0  000066
comparison@i             cstackBANK0  00006A
delaysec@i               cstackBANK0  000063
delaysec@n               cstackBANK0  000060
ejectbad@i               cstackBANK0  000067
ejectgood@i              cstackBANK0  000067
end_of_initialization    cinit        00161C
i2_pneumaticout          text23       001426
i2pneumaticout@x         cstackCOMRAM 000040
int$flags                temp         000052
int_func                 intcode_body 0011B0
intlevel0                text         000000
intlevel1                text         000000
intlevel2                text         000000
intlevel3                text         000000
ledout@x                 cstackBANK0  000060
pneumaticout@x           cstackBANK0  000060
solinoidout@x            cstackBANK0  000060
stackhi                  (abs)        0007FF
stacklo                  (abs)        000074
start                    init         000016
start_initialization     cinit        001604
uartrx@rx                cstackBANK0  000060
uarttx@s                 cstackBANK0  000060
uarttxch@ch              cstackBANK0  000060


FUNCTION INFORMATION:

 *************** function _main *****************
 Defined at:
		line 44 in file "main.c"
 Parameters:    Size  Location     Type
		None
 Auto vars:     Size  Location     Type
		None
 Return value:  Size  Location     Type
		None               void
 Registers used:
		wreg, fsr0l, fsr0h, fsr2l, fsr2h, status,2, status,0, tblptrl, tblptrh, tblptru, prodl, prodh, cstack
 Tracked objects:
		On entry : 
		On exit  : 
		Unchanged: 
 Data sizes:     COMRAM   BANK0   BANK1   BANK2   BANK3   BANK4   BANK5   BANK6   BANK7
      Params:         0       0       0       0       0       0       0       0       0
      Locals:         0       0       0       0       0       0       0       0       0
      Temps:          0       0       0       0       0       0       0       0       0
      Totals:         0       0       0       0       0       0       0       0       0
Total ram usage:        0 bytes
 Hardware stack levels required when called:    5
 This function calls:
		_adcinit
		_communication
		_comparison
		_delaysec
		_ejectbad
		_ejectgood
		_ioinit
		_offsetread
		_test1
		_test2
		_timerinit
		_uartinit
 This function is called by:
		Startup code after reset
 This function uses a non-reentrant model


 *************** function _uartinit *****************
 Defined at:
		line 5 in file "uart.c"
 Parameters:    Size  Location     Type
		None
 Auto vars:     Size  Location     Type
		None
 Return value:  Size  Location     Type
		None               void
 Registers used:
		wreg, status,2, status,0
 Tracked objects:
		On entry : 
		On exit  : 
		Unchanged: 
 Data sizes:     COMRAM   BANK0   BANK1   BANK2   BANK3   BANK4   BANK5   BANK6   BANK7
      Params:         0       0       0       0       0       0       0       0       0
      Locals:         0       0       0       0       0       0       0       0       0
      Temps:          0       0       0       0       0       0       0       0       0
      Totals:         0       0       0       0       0       0       0       0       0
Total ram usage:        0 bytes
 Hardware stack levels used:    1
 Hardware stack levels required when called:    2
 This function calls:
		Nothing
 This function is called by:
		_main
 This function uses a non-reentrant model


 *************** function _timerinit *****************
 Defined at:
		line 5 in file "timer.c"
 Parameters:    Size  Location     Type
		None
 Auto vars:     Size  Location     Type
		None
 Return value:  Size  Location     Type
		None               void
 Registers used:
		wreg, status,2
 Tracked objects:
		On entry : 
		On exit  : 
		Unchanged: 
 Data sizes:     COMRAM   BANK0   BANK1   BANK2   BANK3   BANK4   BANK5   BANK6   BANK7
      Params:         0       0       0       0       0       0       0       0       0
      Locals:         0       0       0       0       0       0       0       0       0
      Temps:          0       0       0       0       0       0       0       0       0
      Totals:         0       0       0       0       0       0       0       0       0
Total ram usage:        0 bytes
 Hardware stack levels used:    1
 Hardware stack levels required when called:    2
 This function calls:
		Nothing
 This function is called by:
		_main
 This function uses a non-reentrant model


 *************** function _test2 *****************
 Defined at:
		line 173 in file "main.c"
 Parameters:    Size  Location     Type
		None
 Auto vars:     Size  Location     Type
		None
 Return value:  Size  Location     Type
		None               void
 Registers used:
		wreg, status,2, status,0, cstack
 Tracked objects:
		On entry : 
		On exit  : 
		Unchanged: 
 Data sizes:     COMRAM   BANK0   BANK1   BANK2   BANK3   BANK4   BANK5   BANK6   BANK7
      Params:         0       0       0       0       0       0       0       0       0
      Locals:         0       0       0       0       0       0       0       0       0
      Temps:          0       0       0       0       0       0       0       0       0
      Totals:         0       0       0       0       0       0       0       0       0
Total ram usage:        0 bytes
 Hardware stack levels used:    1
 Hardware stack levels required when called:    4
 This function calls:
		_adcread
		_delaysec
		_ledout
		_solinoidout
 This function is called by:
		_main
 This function uses a non-reentrant model


 *************** function _test1 *****************
 Defined at:
		line 141 in file "main.c"
 Parameters:    Size  Location     Type
		None
 Auto vars:     Size  Location     Type
		None
 Return value:  Size  Location     Type
		None               void
 Registers used:
		wreg, status,2, status,0, cstack
 Tracked objects:
		On entry : 
		On exit  : 
		Unchanged: 
 Data sizes:     COMRAM   BANK0   BANK1   BANK2   BANK3   BANK4   BANK5   BANK6   BANK7
      Params:         0       0       0       0       0       0       0       0       0
      Locals:         0       0       0       0       0       0       0       0       0
      Temps:          0       0       0       0       0       0       0       0       0
      Totals:         0       0       0       0       0       0       0       0       0
Total ram usage:        0 bytes
 Hardware stack levels used:    1
 Hardware stack levels required when called:    4
 This function calls:
		_adcread
		_delaysec
		_ledout
		_solinoidout
 This function is called by:
		_main
 This function uses a non-reentrant model


 *************** function _offsetread *****************
 Defined at:
		line 205 in file "main.c"
 Parameters:    Size  Location     Type
		None
 Auto vars:     Size  Location     Type
		None
 Return value:  Size  Location     Type
		None               void
 Registers used:
		wreg, status,2, status,0, cstack
 Tracked objects:
		On entry : 
		On exit  : 
		Unchanged: 
 Data sizes:     COMRAM   BANK0   BANK1   BANK2   BANK3   BANK4   BANK5   BANK6   BANK7
      Params:         0       0       0       0       0       0       0       0       0
      Locals:         0       0       0       0       0       0       0       0       0
      Temps:          0       0       0       0       0       0       0       0       0
      Totals:         0       0       0       0       0       0       0       0       0
Total ram usage:        0 bytes
 Hardware stack levels used:    1
 Hardware stack levels required when called:    3
 This function calls:
		_adcread
 This function is called by:
		_main
 This function uses a non-reentrant model


 *************** function _adcread *****************
 Defined at:
		line 13 in file "adc.c"
 Parameters:    Size  Location     Type
  channel         2    0[BANK0 ] int 
 Auto vars:     Size  Location     Type
  x               2    6[BANK0 ] int 
 Return value:  Size  Location     Type
                  2    0[BANK0 ] int 
 Registers used:
		wreg, status,2, status,0
 Tracked objects:
		On entry : 
		On exit  : 
		Unchanged: 
 Data sizes:     COMRAM   BANK0   BANK1   BANK2   BANK3   BANK4   BANK5   BANK6   BANK7
      Params:         0       2       0       0       0       0       0       0       0
      Locals:         0       2       0       0       0       0       0       0       0
      Temps:          0       4       0       0       0       0       0       0       0
      Totals:         0       8       0       0       0       0       0       0       0
Total ram usage:        8 bytes
 Hardware stack levels used:    1
 Hardware stack levels required when called:    2
 This function calls:
		Nothing
 This function is called by:
		_test1
		_test2
		_offsetread
 This function uses a non-reentrant model


 *************** function _ioinit *****************
 Defined at:
		line 3 in file "ioport.c"
 Parameters:    Size  Location     Type
		None
 Auto vars:     Size  Location     Type
		None
 Return value:  Size  Location     Type
		None               void
 Registers used:
		wreg, status,2, status,0
 Tracked objects:
		On entry : 
		On exit  : 
		Unchanged: 
 Data sizes:     COMRAM   BANK0   BANK1   BANK2   BANK3   BANK4   BANK5   BANK6   BANK7
      Params:         0       0       0       0       0       0       0       0       0
      Locals:         0       0       0       0       0       0       0       0       0
      Temps:          0       0       0       0       0       0       0       0       0
      Totals:         0       0       0       0       0       0       0       0       0
Total ram usage:        0 bytes
 Hardware stack levels used:    1
 Hardware stack levels required when called:    2
 This function calls:
		Nothing
 This function is called by:
		_main
 This function uses a non-reentrant model


 *************** function _ejectgood *****************
 Defined at:
		line 232 in file "main.c"
 Parameters:    Size  Location     Type
		None
 Auto vars:     Size  Location     Type
  i               2    7[BANK0 ] int 
 Return value:  Size  Location     Type
		None               void
 Registers used:
		wreg, fsr2l, fsr2h, status,2, status,0, cstack
 Tracked objects:
		On entry : 
		On exit  : 
		Unchanged: 
 Data sizes:     COMRAM   BANK0   BANK1   BANK2   BANK3   BANK4   BANK5   BANK6   BANK7
      Params:         0       0       0       0       0       0       0       0       0
      Locals:         0       2       0       0       0       0       0       0       0
      Temps:          0       2       0       0       0       0       0       0       0
      Totals:         0       4       0       0       0       0       0       0       0
Total ram usage:        4 bytes
 Hardware stack levels used:    1
 Hardware stack levels required when called:    4
 This function calls:
		_delaysec
		_pneumaticout
		_solinoidout
 This function is called by:
		_main
 This function uses a non-reentrant model


 *************** function _ejectbad *****************
 Defined at:
		line 213 in file "main.c"
 Parameters:    Size  Location     Type
		None
 Auto vars:     Size  Location     Type
  i               2    7[BANK0 ] int 
 Return value:  Size  Location     Type
		None               void
 Registers used:
		wreg, fsr2l, fsr2h, status,2, status,0, cstack
 Tracked objects:
		On entry : 
		On exit  : 
		Unchanged: 
 Data sizes:     COMRAM   BANK0   BANK1   BANK2   BANK3   BANK4   BANK5   BANK6   BANK7
      Params:         0       0       0       0       0       0       0       0       0
      Locals:         0       2       0       0       0       0       0       0       0
      Temps:          0       2       0       0       0       0       0       0       0
      Totals:         0       4       0       0       0       0       0       0       0
Total ram usage:        4 bytes
 Hardware stack levels used:    1
 Hardware stack levels required when called:    4
 This function calls:
		_delaysec
		_pneumaticout
		_solinoidout
 This function is called by:
		_main
 This function uses a non-reentrant model


 *************** function _solinoidout *****************
 Defined at:
		line 11 in file "ioport.c"
 Parameters:    Size  Location     Type
  x               2    0[BANK0 ] int 
 Auto vars:     Size  Location     Type
		None
 Return value:  Size  Location     Type
		None               void
 Registers used:
		wreg, status,2, status,0
 Tracked objects:
		On entry : 
		On exit  : 
		Unchanged: 
 Data sizes:     COMRAM   BANK0   BANK1   BANK2   BANK3   BANK4   BANK5   BANK6   BANK7
      Params:         0       2       0       0       0       0       0       0       0
      Locals:         0       0       0       0       0       0       0       0       0
      Temps:          0       2       0       0       0       0       0       0       0
      Totals:         0       4       0       0       0       0       0       0       0
Total ram usage:        4 bytes
 Hardware stack levels used:    1
 Hardware stack levels required when called:    2
 This function calls:
		Nothing
 This function is called by:
		_test1
		_test2
		_ejectbad
		_ejectgood
 This function uses a non-reentrant model


 *************** function _pneumaticout *****************
 Defined at:
		line 20 in file "ioport.c"
 Parameters:    Size  Location     Type
  x               2    0[BANK0 ] int 
 Auto vars:     Size  Location     Type
		None
 Return value:  Size  Location     Type
		None               void
 Registers used:
		wreg, status,2, status,0
 Tracked objects:
		On entry : 
		On exit  : 
		Unchanged: 
 Data sizes:     COMRAM   BANK0   BANK1   BANK2   BANK3   BANK4   BANK5   BANK6   BANK7
      Params:         0       2       0       0       0       0       0       0       0
      Locals:         0       0       0       0       0       0       0       0       0
      Temps:          0       2       0       0       0       0       0       0       0
      Totals:         0       4       0       0       0       0       0       0       0
Total ram usage:        4 bytes
 Hardware stack levels used:    1
 Hardware stack levels required when called:    2
 This function calls:
		Nothing
 This function is called by:
		_ejectbad
		_ejectgood
 This function uses a non-reentrant model


 *************** function _comparison *****************
 Defined at:
		line 252 in file "main.c"
 Parameters:    Size  Location     Type
		None
 Auto vars:     Size  Location     Type
  i               2   10[BANK0 ] int 
 Return value:  Size  Location     Type
		None               void
 Registers used:
		wreg, fsr2l, fsr2h, status,2, status,0, prodl, prodh, cstack
 Tracked objects:
		On entry : 
		On exit  : 
		Unchanged: 
 Data sizes:     COMRAM   BANK0   BANK1   BANK2   BANK3   BANK4   BANK5   BANK6   BANK7
      Params:         0       0       0       0       0       0       0       0       0
      Locals:         0       2       0       0       0       0       0       0       0
      Temps:          0       4       0       0       0       0       0       0       0
      Totals:         0       6       0       0       0       0       0       0       0
Total ram usage:        6 bytes
 Hardware stack levels used:    1
 Hardware stack levels required when called:    3
 This function calls:
		___wmul
 This function is called by:
		_main
 This function uses a non-reentrant model


 *************** function ___wmul *****************
 Defined at:
		line 15 in file "C:\Program Files (x86)\Microchip\xc8\v1.35\sources\common\Umul16.c"
 Parameters:    Size  Location     Type
  multiplier      2    0[BANK0 ] unsigned int 
  multiplicand    2    2[BANK0 ] unsigned int 
 Auto vars:     Size  Location     Type
  product         2    4[BANK0 ] unsigned int 
 Return value:  Size  Location     Type
                  2    0[BANK0 ] unsigned int 
 Registers used:
		wreg, status,2, status,0, prodl, prodh
 Tracked objects:
		On entry : 
		On exit  : 
		Unchanged: 
 Data sizes:     COMRAM   BANK0   BANK1   BANK2   BANK3   BANK4   BANK5   BANK6   BANK7
      Params:         0       4       0       0       0       0       0       0       0
      Locals:         0       2       0       0       0       0       0       0       0
      Temps:          0       0       0       0       0       0       0       0       0
      Totals:         0       6       0       0       0       0       0       0       0
Total ram usage:        6 bytes
 Hardware stack levels used:    1
 Hardware stack levels required when called:    2
 This function calls:
		Nothing
 This function is called by:
		_comparison
 This function uses a non-reentrant model


 *************** function _communication *****************
 Defined at:
		line 73 in file "main.c"
 Parameters:    Size  Location     Type
		None
 Auto vars:     Size  Location     Type
  tx              3    0        unsigned char [3]
  rx              1    6[BANK0 ] unsigned char 
 Return value:  Size  Location     Type
		None               void
 Registers used:
		wreg, fsr0l, fsr0h, status,2, status,0, tblptrl, tblptrh, tblptru, cstack
 Tracked objects:
		On entry : 
		On exit  : 
		Unchanged: 
 Data sizes:     COMRAM   BANK0   BANK1   BANK2   BANK3   BANK4   BANK5   BANK6   BANK7
      Params:         0       0       0       0       0       0       0       0       0
      Locals:         0       1       0       0       0       0       0       0       0
      Temps:          0       1       0       0       0       0       0       0       0
      Totals:         0       2       0       0       0       0       0       0       0
Total ram usage:        2 bytes
 Hardware stack levels used:    1
 Hardware stack levels required when called:    4
 This function calls:
		_delaysec
		_ledout
		_uartrx
		_uarttx
		_uarttxch
 This function is called by:
		_main
 This function uses a non-reentrant model


 *************** function _uarttxch *****************
 Defined at:
		line 28 in file "uart.c"
 Parameters:    Size  Location     Type
  ch              1    wreg     unsigned char 
 Auto vars:     Size  Location     Type
  ch              1    0[BANK0 ] unsigned char 
 Return value:  Size  Location     Type
		None               void
 Registers used:
		wreg
 Tracked objects:
		On entry : 
		On exit  : 
		Unchanged: 
 Data sizes:     COMRAM   BANK0   BANK1   BANK2   BANK3   BANK4   BANK5   BANK6   BANK7
      Params:         0       0       0       0       0       0       0       0       0
      Locals:         0       1       0       0       0       0       0       0       0
      Temps:          0       0       0       0       0       0       0       0       0
      Totals:         0       1       0       0       0       0       0       0       0
Total ram usage:        1 bytes
 Hardware stack levels used:    1
 Hardware stack levels required when called:    2
 This function calls:
		Nothing
 This function is called by:
		_communication
 This function uses a non-reentrant model


 *************** function _uarttx *****************
 Defined at:
		line 17 in file "uart.c"
 Parameters:    Size  Location     Type
  s               2    0[BANK0 ] PTR unsigned char 
		 -> RAM(2047), STR_1(4), 
 Auto vars:     Size  Location     Type
		None
 Return value:  Size  Location     Type
		None               void
 Registers used:
		wreg, fsr0l, fsr0h, status,2, status,0, tblptrl, tblptrh, tblptru
 Tracked objects:
		On entry : 
		On exit  : 
		Unchanged: 
 Data sizes:     COMRAM   BANK0   BANK1   BANK2   BANK3   BANK4   BANK5   BANK6   BANK7
      Params:         0       2       0       0       0       0       0       0       0
      Locals:         0       0       0       0       0       0       0       0       0
      Temps:          0       0       0       0       0       0       0       0       0
      Totals:         0       2       0       0       0       0       0       0       0
Total ram usage:        2 bytes
 Hardware stack levels used:    1
 Hardware stack levels required when called:    2
 This function calls:
		Nothing
 This function is called by:
		_communication
 This function uses a non-reentrant model


 *************** function _uartrx *****************
 Defined at:
		line 34 in file "uart.c"
 Parameters:    Size  Location     Type
		None
 Auto vars:     Size  Location     Type
  rx              1    0[BANK0 ] unsigned char 
 Return value:  Size  Location     Type
                  1    wreg      unsigned char 
 Registers used:
		wreg, status,2
 Tracked objects:
		On entry : 
		On exit  : 
		Unchanged: 
 Data sizes:     COMRAM   BANK0   BANK1   BANK2   BANK3   BANK4   BANK5   BANK6   BANK7
      Params:         0       0       0       0       0       0       0       0       0
      Locals:         0       1       0       0       0       0       0       0       0
      Temps:          0       0       0       0       0       0       0       0       0
      Totals:         0       1       0       0       0       0       0       0       0
Total ram usage:        1 bytes
 Hardware stack levels used:    1
 Hardware stack levels required when called:    2
 This function calls:
		Nothing
 This function is called by:
		_communication
 This function uses a non-reentrant model


 *************** function _ledout *****************
 Defined at:
		line 30 in file "ioport.c"
 Parameters:    Size  Location     Type
  x               2    0[BANK0 ] int 
 Auto vars:     Size  Location     Type
		None
 Return value:  Size  Location     Type
		None               void
 Registers used:
		wreg, status,2, status,0
 Tracked objects:
		On entry : 
		On exit  : 
		Unchanged: 
 Data sizes:     COMRAM   BANK0   BANK1   BANK2   BANK3   BANK4   BANK5   BANK6   BANK7
      Params:         0       2       0       0       0       0       0       0       0
      Locals:         0       0       0       0       0       0       0       0       0
      Temps:          0       2       0       0       0       0       0       0       0
      Totals:         0       4       0       0       0       0       0       0       0
Total ram usage:        4 bytes
 Hardware stack levels used:    1
 Hardware stack levels required when called:    2
 This function calls:
		Nothing
 This function is called by:
		_communication
		_test1
		_test2
 This function uses a non-reentrant model


 *************** function _delaysec *****************
 Defined at:
		line 22 in file "timer.c"
 Parameters:    Size  Location     Type
  n               2    0[BANK0 ] int 
 Auto vars:     Size  Location     Type
  i               2    3[BANK0 ] int 
 Return value:  Size  Location     Type
		None               void
 Registers used:
		wreg, status,2, status,0, cstack
 Tracked objects:
		On entry : 
		On exit  : 
		Unchanged: 
 Data sizes:     COMRAM   BANK0   BANK1   BANK2   BANK3   BANK4   BANK5   BANK6   BANK7
      Params:         0       2       0       0       0       0       0       0       0
      Locals:         0       2       0       0       0       0       0       0       0
      Temps:          0       1       0       0       0       0       0       0       0
      Totals:         0       5       0       0       0       0       0       0       0
Total ram usage:        5 bytes
 Hardware stack levels used:    1
 Hardware stack levels required when called:    3
 This function calls:
		_timeronesec
 This function is called by:
		_main
		_communication
		_test1
		_test2
		_ejectbad
		_ejectgood
 This function uses a non-reentrant model


 *************** function _timeronesec *****************
 Defined at:
		line 11 in file "timer.c"
 Parameters:    Size  Location     Type
		None
 Auto vars:     Size  Location     Type
		None
 Return value:  Size  Location     Type
		None               void
 Registers used:
		wreg, status,2, status,0
 Tracked objects:
		On entry : 
		On exit  : 
		Unchanged: 
 Data sizes:     COMRAM   BANK0   BANK1   BANK2   BANK3   BANK4   BANK5   BANK6   BANK7
      Params:         0       0       0       0       0       0       0       0       0
      Locals:         0       0       0       0       0       0       0       0       0
      Temps:          0       0       0       0       0       0       0       0       0
      Totals:         0       0       0       0       0       0       0       0       0
Total ram usage:        0 bytes
 Hardware stack levels used:    1
 Hardware stack levels required when called:    2
 This function calls:
		Nothing
 This function is called by:
		_delaysec
 This function uses a non-reentrant model


 *************** function _adcinit *****************
 Defined at:
		line 5 in file "adc.c"
 Parameters:    Size  Location     Type
		None
 Auto vars:     Size  Location     Type
		None
 Return value:  Size  Location     Type
		None               void
 Registers used:
		wreg, status,2
 Tracked objects:
		On entry : 
		On exit  : 
		Unchanged: 
 Data sizes:     COMRAM   BANK0   BANK1   BANK2   BANK3   BANK4   BANK5   BANK6   BANK7
      Params:         0       0       0       0       0       0       0       0       0
      Locals:         0       0       0       0       0       0       0       0       0
      Temps:          0       0       0       0       0       0       0       0       0
      Totals:         0       0       0       0       0       0       0       0       0
Total ram usage:        0 bytes
 Hardware stack levels used:    1
 Hardware stack levels required when called:    2
 This function calls:
		Nothing
 This function is called by:
		_main
 This function uses a non-reentrant model


 *************** function _ISR *****************
 Defined at:
		line 10 in file "main.c"
 Parameters:    Size  Location     Type
		None
 Auto vars:     Size  Location     Type
		None
 Return value:  Size  Location     Type
		None               void
 Registers used:
		wreg, status,2, status,0, cstack
 Tracked objects:
		On entry : 
		On exit  : 
		Unchanged: 
 Data sizes:     COMRAM   BANK0   BANK1   BANK2   BANK3   BANK4   BANK5   BANK6   BANK7
      Params:         0       0       0       0       0       0       0       0       0
      Locals:         0       0       0       0       0       0       0       0       0
      Temps:         14       0       0       0       0       0       0       0       0
      Totals:        14       0       0       0       0       0       0       0       0
Total ram usage:       14 bytes
 Hardware stack levels used:    1
 Hardware stack levels required when called:    1
 This function calls:
		i2_pneumaticout
 This function is called by:
		Interrupt level 2
 This function uses a non-reentrant model


 *************** function i2_pneumaticout *****************
 Defined at:
		line 20 in file "ioport.c"
 Parameters:    Size  Location     Type
  x               2    0[COMRAM] int 
 Auto vars:     Size  Location     Type
		None
 Return value:  Size  Location     Type
		None               void
 Registers used:
		wreg, status,2, status,0
 Tracked objects:
		On entry : 
		On exit  : 
		Unchanged: 
 Data sizes:     COMRAM   BANK0   BANK1   BANK2   BANK3   BANK4   BANK5   BANK6   BANK7
      Params:         2       0       0       0       0       0       0       0       0
      Locals:         0       0       0       0       0       0       0       0       0
      Temps:          2       0       0       0       0       0       0       0       0
      Totals:         4       0       0       0       0       0       0       0       0
Total ram usage:        4 bytes
 Hardware stack levels used:    1
 This function calls:
		Nothing
 This function is called by:
		_ISR
 This function uses a non-reentrant model



MODULE INFORMATION

Module		Function		Class		Link	Load	Size
uart.c
		_uartrx        		CODE           	1670	0000	15
		_uartinit      		CODE           	162A	0000	21
		_uarttx        		CODE           	1536	0000	87
		_uarttxch      		CODE           	1662	0000	15

uart.c estimated size: 138

timer.c
		_delaysec      		CODE           	158C	0000	67
		_timerinit     		CODE           	168C	0000	7
		_timeronesec   		CODE           	163E	0000	21

timer.c estimated size: 95

adc.c
		_adcinit       		CODE           	167E	0000	15
		_adcread       		CODE           	14DC	0000	91

adc.c estimated size: 106

shared
		__initialization		CODE           	1604	0000	25
		i2_pneumaticout		CODE           	1426	0000	93

shared estimated size: 118

ioport.c
		_pneumaticout  		CODE           	125E	0000	125
		_ledout        		CODE           	134C	0000	115
		_ioinit        		CODE           	1652	0000	17
		_solinoidout   		CODE           	12DA	0000	115

ioport.c estimated size: 372

C:\Program Files (x86)\Microchip\xc8\v1.35\sources\common\Umul16.c
		___wmul        		CODE           	15CE	0000	55

C:\Program Files (x86)\Microchip\xc8\v1.35\sources\common\Umul16.c estimated size: 55

main.c
		_test2         		CODE           	0CD8	0000	429
		_ejectgood     		CODE           	1030	0000	193
		_ISR           		CODE           	0008	0000	189
		_main          		CODE           	13BE	0000	105
		_offsetread    		CODE           	1482	0000	91
		_ejectbad      		CODE           	10F0	0000	193
		_test1         		CODE           	0E84	0000	429
		_communication 		CODE           	0A7E	0000	603
		_comparison    		CODE           	0806	0000	633

main.c estimated size: 2865

